node.exe : [33mThe CJS build of Vite's Node API is 
deprecated. See https://vite.dev/guide/troubleshootin
g.html#vite-cjs-node-api-deprecated for more 
details.[39m
At line:1 char:1
+ & "C:\Program Files\nodejs/node.exe" "C:\Program 
Files\nodejs/node_mo ...
+ ~~~~~~~~~~~~~~~~~~~~~~~~~~~~~~~~~~~~~~~~~~~~~~~~~~~
~~~~~~~~~~~~~~~~~~
    + CategoryInfo          : NotSpecified: ([33mTh 
   e CJS bu...e details.[39m:String) [], RemoteExc  
  eption
    + FullyQualifiedErrorId : NativeCommandError
 
[36mvite v5.4.21 [32mbuilding for production...[36m[39m
transforming...
[32mΓ£ô[39m 44 modules transformed.
[31mx[39m Build failed in 441ms
[31merror during build:
[31mCould not resolve "../Badges/BadgeDisplay" from 
"src/components/Profile/Profile.jsx"[31m
file: [36mC:/Users/P B/Documents/phish-guard/src/com
ponents/Profile/Profile.jsx[31m
    at getRollupError (file:///C:/Users/P%20B/Documen
ts/phish-guard/node_modules/rollup/dist/es/shared/par
seAst.js:402:41)
    at error (file:///C:/Users/P%20B/Documents/phish-
guard/node_modules/rollup/dist/es/shared/parseAst.js:
398:42)
    at ModuleLoader.handleInvalidResolvedId (file:///
C:/Users/P%20B/Documents/phish-guard/node_modules/rol
lup/dist/es/shared/node-entry.js:21687:24)
    at file:///C:/Users/P%20B/Documents/phish-guard/n
ode_modules/rollup/dist/es/shared/node-entry.js:21647
:26[39m
